Traceback (most recent call last):
  File "C:\Users\Faizal hidayat\strukdat\Lib\site-packages\jupyter_cache\executors\utils.py", line 58, in single_nb_execution
    executenb(
    ~~~~~~~~~^
        nb,
        ^^^
    ...<4 lines>...
        **kwargs,
        ^^^^^^^^^
    )
    ^
  File "C:\Users\Faizal hidayat\strukdat\Lib\site-packages\nbclient\client.py", line 1323, in execute
    return NotebookClient(nb=nb, resources=resources, km=km, **kwargs).execute()
           ~~~~~~~~~~~~~~~~~~~~~~~~~~~~~~~~~~~~~~~~~~~~~~~~~~~~~~~~~~~~~~~~~~~^^
  File "C:\Users\Faizal hidayat\strukdat\Lib\site-packages\jupyter_core\utils\__init__.py", line 165, in wrapped
    return loop.run_until_complete(inner)
           ~~~~~~~~~~~~~~~~~~~~~~~^^^^^^^
  File "C:\Users\Faizal hidayat\AppData\Local\Programs\Python\Python313\Lib\asyncio\base_events.py", line 725, in run_until_complete
    return future.result()
           ~~~~~~~~~~~~~^^
  File "C:\Users\Faizal hidayat\strukdat\Lib\site-packages\nbclient\client.py", line 709, in async_execute
    await self.async_execute_cell(
        cell, index, execution_count=self.code_cells_executed + 1
    )
  File "C:\Users\Faizal hidayat\strukdat\Lib\site-packages\nbclient\client.py", line 1062, in async_execute_cell
    await self._check_raise_for_error(cell, cell_index, exec_reply)
  File "C:\Users\Faizal hidayat\strukdat\Lib\site-packages\nbclient\client.py", line 918, in _check_raise_for_error
    raise CellExecutionError.from_cell_and_msg(cell, exec_reply_content)
nbclient.exceptions.CellExecutionError: An error occurred while executing the following cell:
------------------
# study kasus pelayanan antrian rumah sakit

class Queue:
   def __init__(self):
       self.items = []
 
   def is_empty(self):
       return len(self.items) == 0
 
   def enqueue(self, item):
       self.items.append(item)
 
   def dequeue(self):
       if not self.is_empty():
           return self.items.pop(0)
       else:
           return "Queue is empty"
 
   def size(self):
       return len(self.items)

antrian = Queue()

while True:
    print("menu\n1. daftar\n2. pasien yang akan dipaggil\n3. pasien di panggil dokter\n4. pasien yang terakhir datang\n5.mengecek antrian\n6. keluar")
    pilihan = int(input("masukkan pilihan lu: "))
    
    if pilihan == 1:
        person = input("masukkan nama anda: ")
        antrian.enqueue(person)
    elif pilihan == 2:
        print(f"panggilan selanjutnya adalah {antrian.items[0]}")
    elif pilihan == 3:
        if not antrian.is_empty():
            homosapiens = antrian.dequeue()
            print(f"pasien atas nama {homosapiens} silahkan masuk!👌")
        else:
            print("Gak ada pasien pak!🤪")
    elif pilihan == 4:
        if not antrian.is_empty():
            print(f"pasien dengan antrian terakhir {antrian.items[-1]}")
        else:
            print("tidak ada antrian!")
    elif pilihan == 5:
        if not antrian.is_empty():
            print(f"antrian sebanyak {antrian.size()}:\n{antrian.items}")
        else:
            print("tidak ada antrian!")
    else:
        break
------------------

----- stdout -----
menu
1. daftar
2. pasien yang akan dipaggil
3. pasien di panggil dokter
4. pasien yang terakhir datang
5.mengecek antrian
6. keluar
------------------

[31m---------------------------------------------------------------------------[39m
[31mStdinNotImplementedError[39m                  Traceback (most recent call last)
[36mCell[39m[36m [39m[32mIn[2][39m[32m, line 26[39m
[32m     22[39m antrian = Queue()
[32m     23[39m 
[32m     24[39m [38;5;28;01mwhile[39;00m [38;5;28;01mTrue[39;00m:
[32m     25[39m     print([33m"menu\n1. daftar\n2. pasien yang akan dipaggil\n3. pasien di panggil dokter\n4. pasien yang terakhir datang\n5.mengecek antrian\n6. keluar"[39m)
[32m---> [39m[32m26[39m     pilihan = int(input([33m"masukkan pilihan lu: "[39m))
[32m     27[39m 
[32m     28[39m     [38;5;28;01mif[39;00m pilihan == [32m1[39m:
[32m     29[39m         person = input([33m"masukkan nama anda: "[39m)

[36mFile [39m[32m~\strukdat\Lib\site-packages\ipykernel\kernelbase.py:1402[39m, in [36mKernel.raw_input[39m[34m(self, prompt)[39m
[32m   1400[39m [38;5;28;01mif[39;00m [38;5;129;01mnot[39;00m [38;5;28mself[39m._allow_stdin:
[32m   1401[39m     msg = [33m"[39m[33mraw_input was called, but this frontend does not support input requests.[39m[33m"[39m
[32m-> [39m[32m1402[39m     [38;5;28;01mraise[39;00m StdinNotImplementedError(msg)
[32m   1403[39m [38;5;28;01mreturn[39;00m [38;5;28mself[39m._input_request(
[32m   1404[39m     [38;5;28mstr[39m(prompt),
[32m   1405[39m     [38;5;28mself[39m._get_shell_context_var([38;5;28mself[39m._shell_parent_ident),
[32m   1406[39m     [38;5;28mself[39m.get_parent([33m"[39m[33mshell[39m[33m"[39m),
[32m   1407[39m     password=[38;5;28;01mFalse[39;00m,
[32m   1408[39m )

[31mStdinNotImplementedError[39m: raw_input was called, but this frontend does not support input requests.

