Traceback (most recent call last):
  File "C:\Users\Faizal hidayat\strukdat\Lib\site-packages\jupyter_cache\executors\utils.py", line 58, in single_nb_execution
    executenb(
    ~~~~~~~~~^
        nb,
        ^^^
    ...<4 lines>...
        **kwargs,
        ^^^^^^^^^
    )
    ^
  File "C:\Users\Faizal hidayat\strukdat\Lib\site-packages\nbclient\client.py", line 1323, in execute
    return NotebookClient(nb=nb, resources=resources, km=km, **kwargs).execute()
           ~~~~~~~~~~~~~~~~~~~~~~~~~~~~~~~~~~~~~~~~~~~~~~~~~~~~~~~~~~~~~~~~~~~^^
  File "C:\Users\Faizal hidayat\strukdat\Lib\site-packages\jupyter_core\utils\__init__.py", line 165, in wrapped
    return loop.run_until_complete(inner)
           ~~~~~~~~~~~~~~~~~~~~~~~^^^^^^^
  File "C:\Users\Faizal hidayat\AppData\Local\Programs\Python\Python313\Lib\asyncio\base_events.py", line 725, in run_until_complete
    return future.result()
           ~~~~~~~~~~~~~^^
  File "C:\Users\Faizal hidayat\strukdat\Lib\site-packages\nbclient\client.py", line 709, in async_execute
    await self.async_execute_cell(
        cell, index, execution_count=self.code_cells_executed + 1
    )
  File "C:\Users\Faizal hidayat\strukdat\Lib\site-packages\nbclient\client.py", line 1062, in async_execute_cell
    await self._check_raise_for_error(cell, cell_index, exec_reply)
  File "C:\Users\Faizal hidayat\strukdat\Lib\site-packages\nbclient\client.py", line 918, in _check_raise_for_error
    raise CellExecutionError.from_cell_and_msg(cell, exec_reply_content)
nbclient.exceptions.CellExecutionError: An error occurred while executing the following cell:
------------------
def createDeque():
    return []

def addFront(d,data):
    d.insert(0,data)

def addRear(d,data):
    d.append(data)

def removeRear(d):
    return d.pop()

def removeFront(d):
    return d.pop(0)

def isEmpty(d):
    return d==[]

def size(d):
    return len(d)

d = createDeque()

while True:
    print("\n1. Add Front")
    print("2. Add Rear")
    print("3. Remove Front")
    print("4. Remove Rear")
    print("5. Size")
    print("6. Exit")
    
    pilih = input("Pilih menu: ")
    
    if pilih == "1":
        data = int(input("Masukkan data: "))
        addFront(d,data)
        print(d)
        
    elif pilih == "2":
        data = int(input("Masukkan data: "))
        addRear(d,data)
        print(d)
        
    elif pilih == "3":
        if not isEmpty(d):
            print("Data terhapus:", removeFront(d))
        else:
            print("Deque kosong")
            
    elif pilih == "4":
        if not isEmpty(d):
            print("Data terhapus:", removeRear(d))
        else:
            print("Deque kosong")
            
    elif pilih == "5":
        print("Jumlah data:", size(d))
        
    elif pilih == "6":
        break
------------------

----- stdout -----

1. Add Front
2. Add Rear
3. Remove Front
4. Remove Rear
5. Size
6. Exit
------------------

[31m---------------------------------------------------------------------------[39m
[31mStdinNotImplementedError[39m                  Traceback (most recent call last)
[36mCell[39m[36m [39m[32mIn[2][39m[32m, line 32[39m
[32m     28[39m     print([33m"4. Remove Rear"[39m)
[32m     29[39m     print([33m"5. Size"[39m)
[32m     30[39m     print([33m"6. Exit"[39m)
[32m     31[39m 
[32m---> [39m[32m32[39m     pilih = input([33m"Pilih menu: "[39m)
[32m     33[39m 
[32m     34[39m     [38;5;28;01mif[39;00m pilih == [33m"1"[39m:
[32m     35[39m         data = int(input([33m"Masukkan data: "[39m))

[36mFile [39m[32m~\strukdat\Lib\site-packages\ipykernel\kernelbase.py:1402[39m, in [36mKernel.raw_input[39m[34m(self, prompt)[39m
[32m   1400[39m [38;5;28;01mif[39;00m [38;5;129;01mnot[39;00m [38;5;28mself[39m._allow_stdin:
[32m   1401[39m     msg = [33m"[39m[33mraw_input was called, but this frontend does not support input requests.[39m[33m"[39m
[32m-> [39m[32m1402[39m     [38;5;28;01mraise[39;00m StdinNotImplementedError(msg)
[32m   1403[39m [38;5;28;01mreturn[39;00m [38;5;28mself[39m._input_request(
[32m   1404[39m     [38;5;28mstr[39m(prompt),
[32m   1405[39m     [38;5;28mself[39m._get_shell_context_var([38;5;28mself[39m._shell_parent_ident),
[32m   1406[39m     [38;5;28mself[39m.get_parent([33m"[39m[33mshell[39m[33m"[39m),
[32m   1407[39m     password=[38;5;28;01mFalse[39;00m,
[32m   1408[39m )

[31mStdinNotImplementedError[39m: raw_input was called, but this frontend does not support input requests.

